17:43:09 **** Clean-only build of configuration Debug for project test ****
make clean 
rm -rf ./src/aad12d2000_1_cfg.o ./src/ada16d6000_1_cfg.o ./src/ada16d6000_1_reg.o ./src/adc_config_ADC1.o ./src/adc_config_ADC2.o ./src/adc_config_ADC3.o ./src/adc_config_ADC4.o ./src/common_cfg.o ./src/control_efuse.o ./src/ctrl_204b.o ./src/lmk04828_cfg.o ./src/lmk04828_reg.o ./src/lmx2592.o ./src/main.o ./src/offset_cal.o ./src/spi.o ./src/spi_cfg.o ./src/write_memory.o ./src/aad12d2000_1_cfg.d ./src/ada16d6000_1_cfg.d ./src/ada16d6000_1_reg.d ./src/adc_config_ADC1.d ./src/adc_config_ADC2.d ./src/adc_config_ADC3.d ./src/adc_config_ADC4.d ./src/common_cfg.d ./src/control_efuse.d ./src/ctrl_204b.d ./src/lmk04828_cfg.d ./src/lmk04828_reg.d ./src/lmx2592.d ./src/main.d ./src/offset_cal.d ./src/spi.d ./src/spi_cfg.d ./src/write_memory.d test.elf.size  test.elf
 
17:43:09 **** Incremental Build of configuration Debug for project test ****
make all 
Building file: ../src/aad12d2000_1_cfg.c
Invoking: MicroBlaze gcc compiler
mb-gcc -Wall -O2 -g3 -c -fmessage-length=0 -MT"src/aad12d2000_1_cfg.o" -I../../test_bsp/microblaze_0/include -mlittle-endian -mcpu=v11.0 -mxl-soft-mul -Wl,--no-relax -ffunction-sections -fdata-sections -MMD -MP -MF"src/aad12d2000_1_cfg.d" -MT"src/aad12d2000_1_cfg.o" -o "src/aad12d2000_1_cfg.o" "../src/aad12d2000_1_cfg.c"
In file included from ../src/aad12d2000_1_cfg.c:184:0:
../src/adc_config_ADC1.h: In function 'AAD12D2000_CONFIG_NO5':
../src/adc_config_ADC1.h:282:6: warning: variable 'NO1_chipID' set but not used [-Wunused-but-set-variable]
  u16 NO1_chipID = 0;
      ^~~~~~~~~~
../src/adc_config_ADC1.h:58:5: warning: unused variable 'NO1_ADC2_t_mis4_o' [-Wunused-variable]
 u16 NO1_ADC2_t_mis4_o; //to be refreshed
     ^~~~~~~~~~~~~~~~~
../src/adc_config_ADC1.h:57:5: warning: unused variable 'NO1_ADC2_t_mis3_o' [-Wunused-variable]
 u16 NO1_ADC2_t_mis3_o; //to be refreshed
     ^~~~~~~~~~~~~~~~~
../src/adc_config_ADC1.h:56:5: warning: unused variable 'NO1_ADC2_t_mis2_o' [-Wunused-variable]
 u16 NO1_ADC2_t_mis2_o; //to be refreshed
     ^~~~~~~~~~~~~~~~~
../src/adc_config_ADC1.h:55:5: warning: unused variable 'NO1_ADC2_t_mis1_o' [-Wunused-variable]
 u16 NO1_ADC2_t_mis1_o; //to be refreshed
     ^~~~~~~~~~~~~~~~~
../src/adc_config_ADC1.h:54:5: warning: unused variable 'NO1_ADC2_g_mis4_o' [-Wunused-variable]
 u16 NO1_ADC2_g_mis4_o; //to be refreshed
     ^~~~~~~~~~~~~~~~~
../src/adc_config_ADC1.h:53:5: warning: unused variable 'NO1_ADC2_g_mis3_o' [-Wunused-variable]
 u16 NO1_ADC2_g_mis3_o; //to be refreshed
     ^~~~~~~~~~~~~~~~~
../src/adc_config_ADC1.h:52:5: warning: unused variable 'NO1_ADC2_g_mis2_o' [-Wunused-variable]
 u16 NO1_ADC2_g_mis2_o; //to be refreshed
     ^~~~~~~~~~~~~~~~~
../src/adc_config_ADC1.h:51:5: warning: unused variable 'NO1_ADC2_o_mis4_o' [-Wunused-variable]
 u16 NO1_ADC2_o_mis4_o; //to be refreshed
     ^~~~~~~~~~~~~~~~~
../src/adc_config_ADC1.h:50:5: warning: unused variable 'NO1_ADC2_o_mis3_o' [-Wunused-variable]
 u16 NO1_ADC2_o_mis3_o; //to be refreshed
     ^~~~~~~~~~~~~~~~~
../src/adc_config_ADC1.h:49:5: warning: unused variable 'NO1_ADC2_o_mis2_o' [-Wunused-variable]
 u16 NO1_ADC2_o_mis2_o; //to be refreshed
     ^~~~~~~~~~~~~~~~~
../src/adc_config_ADC1.h:48:5: warning: unused variable 'NO1_ADC2_o_mis1_o' [-Wunused-variable]
 u16 NO1_ADC2_o_mis1_o; //to be refreshed
     ^~~~~~~~~~~~~~~~~
../src/adc_config_ADC1.h:46:5: warning: variable 'NO1_ADC1_t_mis4_o' set but not used [-Wunused-but-set-variable]
 u16 NO1_ADC1_t_mis4_o; //to be refreshed
     ^~~~~~~~~~~~~~~~~
../src/adc_config_ADC1.h:45:5: warning: variable 'NO1_ADC1_t_mis3_o' set but not used [-Wunused-but-set-variable]
 u16 NO1_ADC1_t_mis3_o; //to be refreshed
     ^~~~~~~~~~~~~~~~~
../src/adc_config_ADC1.h:44:5: warning: variable 'NO1_ADC1_t_mis2_o' set but not used [-Wunused-but-set-variable]
 u16 NO1_ADC1_t_mis2_o; //to be refreshed
     ^~~~~~~~~~~~~~~~~
../src/adc_config_ADC1.h:43:5: warning: variable 'NO1_ADC1_t_mis1_o' set but not used [-Wunused-but-set-variable]
 u16 NO1_ADC1_t_mis1_o; //to be refreshed
     ^~~~~~~~~~~~~~~~~
../src/adc_config_ADC1.h:42:5: warning: variable 'NO1_ADC1_g_mis4_o' set but not used [-Wunused-but-set-variable]
 u16 NO1_ADC1_g_mis4_o; //to be refreshed
     ^~~~~~~~~~~~~~~~~
../src/adc_config_ADC1.h:41:5: warning: variable 'NO1_ADC1_g_mis3_o' set but not used [-Wunused-but-set-variable]
 u16 NO1_ADC1_g_mis3_o; //to be refreshed
     ^~~~~~~~~~~~~~~~~
../src/adc_config_ADC1.h:40:5: warning: variable 'NO1_ADC1_g_mis2_o' set but not used [-Wunused-but-set-variable]
 u16 NO1_ADC1_g_mis2_o; //to be refreshed
     ^~~~~~~~~~~~~~~~~
../src/adc_config_ADC1.h:39:5: warning: variable 'NO1_ADC1_o_mis4_o' set but not used [-Wunused-but-set-variable]
 u16 NO1_ADC1_o_mis4_o; //to be refreshed
     ^~~~~~~~~~~~~~~~~
../src/adc_config_ADC1.h:38:5: warning: variable 'NO1_ADC1_o_mis3_o' set but not used [-Wunused-but-set-variable]
 u16 NO1_ADC1_o_mis3_o; //to be refreshed
     ^~~~~~~~~~~~~~~~~
../src/adc_config_ADC1.h:37:5: warning: variable 'NO1_ADC1_o_mis2_o' set but not used [-Wunused-but-set-variable]
 u16 NO1_ADC1_o_mis2_o; //to be refreshed
     ^~~~~~~~~~~~~~~~~
../src/adc_config_ADC1.h:36:5: warning: variable 'NO1_ADC1_o_mis1_o' set but not used [-Wunused-but-set-variable]
 u16 NO1_ADC1_o_mis1_o; //to be refreshed
     ^~~~~~~~~~~~~~~~~
../src/adc_config_ADC1.h:33:5: warning: variable 'NO1_EFUSE_data' set but not used [-Wunused-but-set-variable]
 u16 NO1_EFUSE_data;
     ^~~~~~~~~~~~~~
../src/aad12d2000_1_cfg.c: In function 'aad12d2000_cfg':
../src/aad12d2000_1_cfg.c:306:2: warning: implicit declaration of function 'AAD12D2000_CONFIG_NO1'; did you mean 'AAD12D2000_CONFIG_NO3'? [-Wimplicit-function-declaration]
  AAD12D2000_CONFIG_NO1(spi_base_addr ,ctrl_204b_addr);//U1 ADC1    ���Ĵ��� Ѷо���ֶ�  J2 J4
  ^~~~~~~~~~~~~~~~~~~~~
  AAD12D2000_CONFIG_NO3
../src/aad12d2000_1_cfg.c:265:7: warning: variable 'reg' set but not used [-Wunused-but-set-variable]
   u16 reg = 0;
       ^~~
../src/aad12d2000_1_cfg.c:246:5: warning: unused variable 'NO2_ADC2_t_mis4_o_out' [-Wunused-variable]
 u16 NO2_ADC2_t_mis4_o_out;
     ^~~~~~~~~~~~~~~~~~~~~
../src/aad12d2000_1_cfg.c:245:5: warning: unused variable 'NO2_ADC2_t_mis3_o_out' [-Wunused-variable]
 u16 NO2_ADC2_t_mis3_o_out;
     ^~~~~~~~~~~~~~~~~~~~~
../src/aad12d2000_1_cfg.c:244:5: warning: unused variable 'NO2_ADC2_t_mis2_o_out' [-Wunused-variable]
 u16 NO2_ADC2_t_mis2_o_out;
     ^~~~~~~~~~~~~~~~~~~~~
../src/aad12d2000_1_cfg.c:243:5: warning: unused variable 'NO2_ADC2_t_mis1_o_out' [-Wunused-variable]
 u16 NO2_ADC2_t_mis1_o_out;
     ^~~~~~~~~~~~~~~~~~~~~
../src/aad12d2000_1_cfg.c:242:5: warning: unused variable 'NO2_ADC2_g_mis4_o_out' [-Wunused-variable]
 u16 NO2_ADC2_g_mis4_o_out;
     ^~~~~~~~~~~~~~~~~~~~~
../src/aad12d2000_1_cfg.c:241:5: warning: unused variable 'NO2_ADC2_g_mis3_o_out' [-Wunused-variable]
 u16 NO2_ADC2_g_mis3_o_out;
     ^~~~~~~~~~~~~~~~~~~~~
../src/aad12d2000_1_cfg.c:240:5: warning: unused variable 'NO2_ADC2_g_mis2_o_out' [-Wunused-variable]
 u16 NO2_ADC2_g_mis2_o_out;
     ^~~~~~~~~~~~~~~~~~~~~
../src/aad12d2000_1_cfg.c:239:5: warning: unused variable 'NO2_ADC2_o_mis4_o_out' [-Wunused-variable]
 u16 NO2_ADC2_o_mis4_o_out;
     ^~~~~~~~~~~~~~~~~~~~~
../src/aad12d2000_1_cfg.c:238:5: warning: unused variable 'NO2_ADC2_o_mis3_o_out' [-Wunused-variable]
 u16 NO2_ADC2_o_mis3_o_out;
     ^~~~~~~~~~~~~~~~~~~~~
../src/aad12d2000_1_cfg.c:237:5: warning: unused variable 'NO2_ADC2_o_mis2_o_out' [-Wunused-variable]
 u16 NO2_ADC2_o_mis2_o_out;
     ^~~~~~~~~~~~~~~~~~~~~
../src/aad12d2000_1_cfg.c:236:5: warning: unused variable 'NO2_ADC2_o_mis1_o_out' [-Wunused-variable]
 u16 NO2_ADC2_o_mis1_o_out;
     ^~~~~~~~~~~~~~~~~~~~~
../src/aad12d2000_1_cfg.c:234:5: warning: unused variable 'NO2_ADC1_t_mis4_o_out' [-Wunused-variable]
 u16 NO2_ADC1_t_mis4_o_out;
     ^~~~~~~~~~~~~~~~~~~~~
../src/aad12d2000_1_cfg.c:233:5: warning: unused variable 'NO2_ADC1_t_mis3_o_out' [-Wunused-variable]
 u16 NO2_ADC1_t_mis3_o_out;
     ^~~~~~~~~~~~~~~~~~~~~
../src/aad12d2000_1_cfg.c:232:5: warning: unused variable 'NO2_ADC1_t_mis2_o_out' [-Wunused-variable]
 u16 NO2_ADC1_t_mis2_o_out;
     ^~~~~~~~~~~~~~~~~~~~~
../src/aad12d2000_1_cfg.c:231:5: warning: unused variable 'NO2_ADC1_t_mis1_o_out' [-Wunused-variable]
 u16 NO2_ADC1_t_mis1_o_out;
     ^~~~~~~~~~~~~~~~~~~~~
../src/aad12d2000_1_cfg.c:230:5: warning: unused variable 'NO2_ADC1_g_mis4_o_out' [-Wunused-variable]
 u16 NO2_ADC1_g_mis4_o_out;
     ^~~~~~~~~~~~~~~~~~~~~
../src/aad12d2000_1_cfg.c:229:5: warning: unused variable 'NO2_ADC1_g_mis3_o_out' [-Wunused-variable]
 u16 NO2_ADC1_g_mis3_o_out;
     ^~~~~~~~~~~~~~~~~~~~~
../src/aad12d2000_1_cfg.c:228:5: warning: unused variable 'NO2_ADC1_g_mis2_o_out' [-Wunused-variable]
 u16 NO2_ADC1_g_mis2_o_out;
     ^~~~~~~~~~~~~~~~~~~~~
../src/aad12d2000_1_cfg.c:227:5: warning: unused variable 'NO2_ADC1_o_mis4_o_out' [-Wunused-variable]
 u16 NO2_ADC1_o_mis4_o_out;
     ^~~~~~~~~~~~~~~~~~~~~
../src/aad12d2000_1_cfg.c:226:5: warning: unused variable 'NO2_ADC1_o_mis3_o_out' [-Wunused-variable]
 u16 NO2_ADC1_o_mis3_o_out;
     ^~~~~~~~~~~~~~~~~~~~~
../src/aad12d2000_1_cfg.c:225:5: warning: unused variable 'NO2_ADC1_o_mis2_o_out' [-Wunused-variable]
 u16 NO2_ADC1_o_mis2_o_out;
     ^~~~~~~~~~~~~~~~~~~~~
../src/aad12d2000_1_cfg.c:224:5: warning: unused variable 'NO2_ADC1_o_mis1_o_out' [-Wunused-variable]
 u16 NO2_ADC1_o_mis1_o_out;
     ^~~~~~~~~~~~~~~~~~~~~
../src/aad12d2000_1_cfg.c:222:5: warning: unused variable 'NO1_ADC2_t_mis4_o_out' [-Wunused-variable]
 u16 NO1_ADC2_t_mis4_o_out;
     ^~~~~~~~~~~~~~~~~~~~~
../src/aad12d2000_1_cfg.c:221:5: warning: unused variable 'NO1_ADC2_t_mis3_o_out' [-Wunused-variable]
 u16 NO1_ADC2_t_mis3_o_out;
     ^~~~~~~~~~~~~~~~~~~~~
../src/aad12d2000_1_cfg.c:220:5: warning: unused variable 'NO1_ADC2_t_mis2_o_out' [-Wunused-variable]
 u16 NO1_ADC2_t_mis2_o_out;
     ^~~~~~~~~~~~~~~~~~~~~
../src/aad12d2000_1_cfg.c:219:5: warning: unused variable 'NO1_ADC2_t_mis1_o_out' [-Wunused-variable]
 u16 NO1_ADC2_t_mis1_o_out;
     ^~~~~~~~~~~~~~~~~~~~~
../src/aad12d2000_1_cfg.c:218:5: warning: unused variable 'NO1_ADC2_g_mis4_o_out' [-Wunused-variable]
 u16 NO1_ADC2_g_mis4_o_out;
     ^~~~~~~~~~~~~~~~~~~~~
../src/aad12d2000_1_cfg.c:217:5: warning: unused variable 'NO1_ADC2_g_mis3_o_out' [-Wunused-variable]
 u16 NO1_ADC2_g_mis3_o_out;
     ^~~~~~~~~~~~~~~~~~~~~
../src/aad12d2000_1_cfg.c:216:5: warning: unused variable 'NO1_ADC2_g_mis2_o_out' [-Wunused-variable]
 u16 NO1_ADC2_g_mis2_o_out;
     ^~~~~~~~~~~~~~~~~~~~~
../src/aad12d2000_1_cfg.c:215:5: warning: unused variable 'NO1_ADC2_o_mis4_o_out' [-Wunused-variable]
 u16 NO1_ADC2_o_mis4_o_out;
     ^~~~~~~~~~~~~~~~~~~~~
../src/aad12d2000_1_cfg.c:214:5: warning: unused variable 'NO1_ADC2_o_mis3_o_out' [-Wunused-variable]
 u16 NO1_ADC2_o_mis3_o_out;
     ^~~~~~~~~~~~~~~~~~~~~
../src/aad12d2000_1_cfg.c:213:5: warning: unused variable 'NO1_ADC2_o_mis2_o_out' [-Wunused-variable]
 u16 NO1_ADC2_o_mis2_o_out;
     ^~~~~~~~~~~~~~~~~~~~~
../src/aad12d2000_1_cfg.c:212:5: warning: unused variable 'NO1_ADC2_o_mis1_o_out' [-Wunused-variable]
 u16 NO1_ADC2_o_mis1_o_out;
     ^~~~~~~~~~~~~~~~~~~~~
../src/aad12d2000_1_cfg.c:210:5: warning: unused variable 'NO1_ADC1_t_mis4_o_out' [-Wunused-variable]
 u16 NO1_ADC1_t_mis4_o_out;
     ^~~~~~~~~~~~~~~~~~~~~
../src/aad12d2000_1_cfg.c:209:5: warning: unused variable 'NO1_ADC1_t_mis3_o_out' [-Wunused-variable]
 u16 NO1_ADC1_t_mis3_o_out;
     ^~~~~~~~~~~~~~~~~~~~~
../src/aad12d2000_1_cfg.c:208:5: warning: unused variable 'NO1_ADC1_t_mis2_o_out' [-Wunused-variable]
 u16 NO1_ADC1_t_mis2_o_out;
     ^~~~~~~~~~~~~~~~~~~~~
../src/aad12d2000_1_cfg.c:207:5: warning: unused variable 'NO1_ADC1_t_mis1_o_out' [-Wunused-variable]
 u16 NO1_ADC1_t_mis1_o_out;
     ^~~~~~~~~~~~~~~~~~~~~
../src/aad12d2000_1_cfg.c:206:5: warning: unused variable 'NO1_ADC1_g_mis4_o_out' [-Wunused-variable]
 u16 NO1_ADC1_g_mis4_o_out;
     ^~~~~~~~~~~~~~~~~~~~~
../src/aad12d2000_1_cfg.c:205:5: warning: unused variable 'NO1_ADC1_g_mis3_o_out' [-Wunused-variable]
 u16 NO1_ADC1_g_mis3_o_out;
     ^~~~~~~~~~~~~~~~~~~~~
../src/aad12d2000_1_cfg.c:204:5: warning: unused variable 'NO1_ADC1_g_mis2_o_out' [-Wunused-variable]
 u16 NO1_ADC1_g_mis2_o_out;
     ^~~~~~~~~~~~~~~~~~~~~
../src/aad12d2000_1_cfg.c:203:5: warning: unused variable 'NO1_ADC1_o_mis4_o_out' [-Wunused-variable]
 u16 NO1_ADC1_o_mis4_o_out;
     ^~~~~~~~~~~~~~~~~~~~~
../src/aad12d2000_1_cfg.c:202:5: warning: unused variable 'NO1_ADC1_o_mis3_o_out' [-Wunused-variable]
 u16 NO1_ADC1_o_mis3_o_out;
     ^~~~~~~~~~~~~~~~~~~~~
../src/aad12d2000_1_cfg.c:201:5: warning: unused variable 'NO1_ADC1_o_mis2_o_out' [-Wunused-variable]
 u16 NO1_ADC1_o_mis2_o_out;
     ^~~~~~~~~~~~~~~~~~~~~
../src/aad12d2000_1_cfg.c:200:5: warning: unused variable 'NO1_ADC1_o_mis1_o_out' [-Wunused-variable]
 u16 NO1_ADC1_o_mis1_o_out;
     ^~~~~~~~~~~~~~~~~~~~~
Finished building: ../src/aad12d2000_1_cfg.c
 
Building file: ../src/ada16d6000_1_cfg.c
Invoking: MicroBlaze gcc compiler
mb-gcc -Wall -O2 -g3 -c -fmessage-length=0 -MT"src/ada16d6000_1_cfg.o" -I../../test_bsp/microblaze_0/include -mlittle-endian -mcpu=v11.0 -mxl-soft-mul -Wl,--no-relax -ffunction-sections -fdata-sections -MMD -MP -MF"src/ada16d6000_1_cfg.d" -MT"src/ada16d6000_1_cfg.o" -o "src/ada16d6000_1_cfg.o" "../src/ada16d6000_1_cfg.c"
../src/ada16d6000_1_cfg.c: In function 'ada16d6000_cfg':
../src/ada16d6000_1_cfg.c:160:16: warning: unused variable 'temp' [-Wunused-variable]
  long long int temp[128];
                ^~~~
../src/ada16d6000_1_cfg.c:159:5: warning: unused variable 'recv_data' [-Wunused-variable]
  u8 recv_data[5];
     ^~~~~~~~~
../src/ada16d6000_1_cfg.c:156:5: warning: unused variable 'addr_l' [-Wunused-variable]
  u8 addr_l;
     ^~~~~~
../src/ada16d6000_1_cfg.c:155:5: warning: unused variable 'addr_z' [-Wunused-variable]
  u8 addr_z;
     ^~~~~~
../src/ada16d6000_1_cfg.c:154:5: warning: unused variable 'addr_h' [-Wunused-variable]
  u8 addr_h;
     ^~~~~~
../src/ada16d6000_1_cfg.c:147:16: warning: variable 'CFG_data' set but not used [-Wunused-but-set-variable]
  long long int CFG_data;
                ^~~~~~~~
../src/ada16d6000_1_cfg.c: In function 'ada16d6000_cfg_readback':
../src/ada16d6000_1_cfg.c:262:23: warning: left shift count >= width of type [-Wshift-count-overflow]
    temp[i] = ((addr_h << 32) & 0xFF00000000) +((addr_z << 24) & 0x00FF000000) + ((addr_l << 16) & 0x0000FF0000) + ((recv_data[3]<<8) & 0x000000ff00) + (recv_data[4] & 0x00000000ff) ;
                       ^~
../src/ada16d6000_1_cfg.c:226:6: warning: variable 'CFG_byte2' set but not used [-Wunused-but-set-variable]
  u8  CFG_byte2;
      ^~~~~~~~~
../src/ada16d6000_1_cfg.c:225:6: warning: variable 'CFG_byte1' set but not used [-Wunused-but-set-variable]
  u8  CFG_byte1;
      ^~~~~~~~~
Finished building: ../src/ada16d6000_1_cfg.c
 
Building file: ../src/ada16d6000_1_reg.c
Invoking: MicroBlaze gcc compiler
mb-gcc -Wall -O2 -g3 -c -fmessage-length=0 -MT"src/ada16d6000_1_reg.o" -I../../test_bsp/microblaze_0/include -mlittle-endian -mcpu=v11.0 -mxl-soft-mul -Wl,--no-relax -ffunction-sections -fdata-sections -MMD -MP -MF"src/ada16d6000_1_reg.d" -MT"src/ada16d6000_1_reg.o" -o "src/ada16d6000_1_reg.o" "../src/ada16d6000_1_reg.c"
Finished building: ../src/ada16d6000_1_reg.c
 
Building file: ../src/adc_config_ADC1.c
Invoking: MicroBlaze gcc compiler
mb-gcc -Wall -O2 -g3 -c -fmessage-length=0 -MT"src/adc_config_ADC1.o" -I../../test_bsp/microblaze_0/include -mlittle-endian -mcpu=v11.0 -mxl-soft-mul -Wl,--no-relax -ffunction-sections -fdata-sections -MMD -MP -MF"src/adc_config_ADC1.d" -MT"src/adc_config_ADC1.o" -o "src/adc_config_ADC1.o" "../src/adc_config_ADC1.c"
../src/adc_config_ADC1.c: In function 'AAD12D2000_CONFIG_NO1':
../src/adc_config_ADC1.c:290:6: warning: variable 'NO1_chipID' set but not used [-Wunused-but-set-variable]
  u16 NO1_chipID = 0;
      ^~~~~~~~~~
../src/adc_config_ADC1.c:66:5: warning: variable 'NO1_ADC2_t_mis4_o' set but not used [-Wunused-but-set-variable]
 u16 NO1_ADC2_t_mis4_o; //to be refreshed
     ^~~~~~~~~~~~~~~~~
../src/adc_config_ADC1.c:65:5: warning: variable 'NO1_ADC2_t_mis3_o' set but not used [-Wunused-but-set-variable]
 u16 NO1_ADC2_t_mis3_o; //to be refreshed
     ^~~~~~~~~~~~~~~~~
../src/adc_config_ADC1.c:64:5: warning: variable 'NO1_ADC2_t_mis2_o' set but not used [-Wunused-but-set-variable]
 u16 NO1_ADC2_t_mis2_o; //to be refreshed
     ^~~~~~~~~~~~~~~~~
../src/adc_config_ADC1.c:63:5: warning: variable 'NO1_ADC2_t_mis1_o' set but not used [-Wunused-but-set-variable]
 u16 NO1_ADC2_t_mis1_o; //to be refreshed
     ^~~~~~~~~~~~~~~~~
../src/adc_config_ADC1.c:62:5: warning: variable 'NO1_ADC2_g_mis4_o' set but not used [-Wunused-but-set-variable]
 u16 NO1_ADC2_g_mis4_o; //to be refreshed
     ^~~~~~~~~~~~~~~~~
../src/adc_config_ADC1.c:61:5: warning: variable 'NO1_ADC2_g_mis3_o' set but not used [-Wunused-but-set-variable]
 u16 NO1_ADC2_g_mis3_o; //to be refreshed
     ^~~~~~~~~~~~~~~~~
../src/adc_config_ADC1.c:60:5: warning: variable 'NO1_ADC2_g_mis2_o' set but not used [-Wunused-but-set-variable]
 u16 NO1_ADC2_g_mis2_o; //to be refreshed
     ^~~~~~~~~~~~~~~~~
../src/adc_config_ADC1.c:59:5: warning: variable 'NO1_ADC2_o_mis4_o' set but not used [-Wunused-but-set-variable]
 u16 NO1_ADC2_o_mis4_o; //to be refreshed
     ^~~~~~~~~~~~~~~~~
../src/adc_config_ADC1.c:58:5: warning: variable 'NO1_ADC2_o_mis3_o' set but not used [-Wunused-but-set-variable]
 u16 NO1_ADC2_o_mis3_o; //to be refreshed
     ^~~~~~~~~~~~~~~~~
../src/adc_config_ADC1.c:57:5: warning: variable 'NO1_ADC2_o_mis2_o' set but not used [-Wunused-but-set-variable]
 u16 NO1_ADC2_o_mis2_o; //to be refreshed
     ^~~~~~~~~~~~~~~~~
../src/adc_config_ADC1.c:56:5: warning: variable 'NO1_ADC2_o_mis1_o' set but not used [-Wunused-but-set-variable]
 u16 NO1_ADC2_o_mis1_o; //to be refreshed
     ^~~~~~~~~~~~~~~~~
../src/adc_config_ADC1.c:54:5: warning: variable 'NO1_ADC1_t_mis4_o' set but not used [-Wunused-but-set-variable]
 u16 NO1_ADC1_t_mis4_o; //to be refreshed
     ^~~~~~~~~~~~~~~~~
../src/adc_config_ADC1.c:53:5: warning: variable 'NO1_ADC1_t_mis3_o' set but not used [-Wunused-but-set-variable]
 u16 NO1_ADC1_t_mis3_o; //to be refreshed
     ^~~~~~~~~~~~~~~~~
../src/adc_config_ADC1.c:52:5: warning: variable 'NO1_ADC1_t_mis2_o' set but not used [-Wunused-but-set-variable]
 u16 NO1_ADC1_t_mis2_o; //to be refreshed
     ^~~~~~~~~~~~~~~~~
../src/adc_config_ADC1.c:51:5: warning: variable 'NO1_ADC1_t_mis1_o' set but not used [-Wunused-but-set-variable]
 u16 NO1_ADC1_t_mis1_o; //to be refreshed
     ^~~~~~~~~~~~~~~~~
../src/adc_config_ADC1.c:50:5: warning: variable 'NO1_ADC1_g_mis4_o' set but not used [-Wunused-but-set-variable]
 u16 NO1_ADC1_g_mis4_o; //to be refreshed
     ^~~~~~~~~~~~~~~~~
../src/adc_config_ADC1.c:49:5: warning: variable 'NO1_ADC1_g_mis3_o' set but not used [-Wunused-but-set-variable]
 u16 NO1_ADC1_g_mis3_o; //to be refreshed
     ^~~~~~~~~~~~~~~~~
../src/adc_config_ADC1.c:48:5: warning: variable 'NO1_ADC1_g_mis2_o' set but not used [-Wunused-but-set-variable]
 u16 NO1_ADC1_g_mis2_o; //to be refreshed
     ^~~~~~~~~~~~~~~~~
../src/adc_config_ADC1.c:47:5: warning: variable 'NO1_ADC1_o_mis4_o' set but not used [-Wunused-but-set-variable]
 u16 NO1_ADC1_o_mis4_o; //to be refreshed
     ^~~~~~~~~~~~~~~~~
../src/adc_config_ADC1.c:46:5: warning: variable 'NO1_ADC1_o_mis3_o' set but not used [-Wunused-but-set-variable]
 u16 NO1_ADC1_o_mis3_o; //to be refreshed
     ^~~~~~~~~~~~~~~~~
../src/adc_config_ADC1.c:45:5: warning: variable 'NO1_ADC1_o_mis2_o' set but not used [-Wunused-but-set-variable]
 u16 NO1_ADC1_o_mis2_o; //to be refreshed
     ^~~~~~~~~~~~~~~~~
../src/adc_config_ADC1.c:44:5: warning: variable 'NO1_ADC1_o_mis1_o' set but not used [-Wunused-but-set-variable]
 u16 NO1_ADC1_o_mis1_o; //to be refreshed
     ^~~~~~~~~~~~~~~~~
../src/adc_config_ADC1.c:41:5: warning: variable 'NO1_EFUSE_data' set but not used [-Wunused-but-set-variable]
 u16 NO1_EFUSE_data;
     ^~~~~~~~~~~~~~
Finished building: ../src/adc_config_ADC1.c
 
Building file: ../src/adc_config_ADC2.c
Invoking: MicroBlaze gcc compiler
mb-gcc -Wall -O2 -g3 -c -fmessage-length=0 -MT"src/adc_config_ADC2.o" -I../../test_bsp/microblaze_0/include -mlittle-endian -mcpu=v11.0 -mxl-soft-mul -Wl,--no-relax -ffunction-sections -fdata-sections -MMD -MP -MF"src/adc_config_ADC2.d" -MT"src/adc_config_ADC2.o" -o "src/adc_config_ADC2.o" "../src/adc_config_ADC2.c"
../src/adc_config_ADC2.c: In function 'AAD12D2000_CONFIG_NO2':
../src/adc_config_ADC2.c:373:6: warning: variable 'NO2_chipID' set but not used [-Wunused-but-set-variable]
  u16 NO2_chipID = 0;
      ^~~~~~~~~~
../src/adc_config_ADC2.c:58:5: warning: variable 'NO2_ADC2_t_mis4_o' set but not used [-Wunused-but-set-variable]
 u16 NO2_ADC2_t_mis4_o; //to be refreshed
     ^~~~~~~~~~~~~~~~~
../src/adc_config_ADC2.c:57:5: warning: variable 'NO2_ADC2_t_mis3_o' set but not used [-Wunused-but-set-variable]
 u16 NO2_ADC2_t_mis3_o; //to be refreshed
     ^~~~~~~~~~~~~~~~~
../src/adc_config_ADC2.c:56:5: warning: variable 'NO2_ADC2_t_mis2_o' set but not used [-Wunused-but-set-variable]
 u16 NO2_ADC2_t_mis2_o; //to be refreshed
     ^~~~~~~~~~~~~~~~~
../src/adc_config_ADC2.c:55:5: warning: variable 'NO2_ADC2_t_mis1_o' set but not used [-Wunused-but-set-variable]
 u16 NO2_ADC2_t_mis1_o; //to be refreshed
     ^~~~~~~~~~~~~~~~~
../src/adc_config_ADC2.c:54:5: warning: variable 'NO2_ADC2_g_mis4_o' set but not used [-Wunused-but-set-variable]
 u16 NO2_ADC2_g_mis4_o; //to be refreshed
     ^~~~~~~~~~~~~~~~~
../src/adc_config_ADC2.c:53:5: warning: variable 'NO2_ADC2_g_mis3_o' set but not used [-Wunused-but-set-variable]
 u16 NO2_ADC2_g_mis3_o; //to be refreshed
     ^~~~~~~~~~~~~~~~~
../src/adc_config_ADC2.c:52:5: warning: variable 'NO2_ADC2_g_mis2_o' set but not used [-Wunused-but-set-variable]
 u16 NO2_ADC2_g_mis2_o; //to be refreshed
     ^~~~~~~~~~~~~~~~~
../src/adc_config_ADC2.c:51:5: warning: variable 'NO2_ADC2_o_mis4_o' set but not used [-Wunused-but-set-variable]
 u16 NO2_ADC2_o_mis4_o; //to be refreshed
     ^~~~~~~~~~~~~~~~~
../src/adc_config_ADC2.c:50:5: warning: variable 'NO2_ADC2_o_mis3_o' set but not used [-Wunused-but-set-variable]
 u16 NO2_ADC2_o_mis3_o; //to be refreshed
     ^~~~~~~~~~~~~~~~~
../src/adc_config_ADC2.c:49:5: warning: variable 'NO2_ADC2_o_mis2_o' set but not used [-Wunused-but-set-variable]
 u16 NO2_ADC2_o_mis2_o; //to be refreshed
     ^~~~~~~~~~~~~~~~~
../src/adc_config_ADC2.c:48:5: warning: variable 'NO2_ADC2_o_mis1_o' set but not used [-Wunused-but-set-variable]
 u16 NO2_ADC2_o_mis1_o; //to be refreshed
     ^~~~~~~~~~~~~~~~~
../src/adc_config_ADC2.c:46:5: warning: variable 'NO2_ADC1_t_mis4_o' set but not used [-Wunused-but-set-variable]
 u16 NO2_ADC1_t_mis4_o; //to be refreshed
     ^~~~~~~~~~~~~~~~~
../src/adc_config_ADC2.c:45:5: warning: variable 'NO2_ADC1_t_mis3_o' set but not used [-Wunused-but-set-variable]
 u16 NO2_ADC1_t_mis3_o; //to be refreshed
     ^~~~~~~~~~~~~~~~~
../src/adc_config_ADC2.c:44:5: warning: variable 'NO2_ADC1_t_mis2_o' set but not used [-Wunused-but-set-variable]
 u16 NO2_ADC1_t_mis2_o; //to be refreshed
     ^~~~~~~~~~~~~~~~~
../src/adc_config_ADC2.c:43:5: warning: variable 'NO2_ADC1_t_mis1_o' set but not used [-Wunused-but-set-variable]
 u16 NO2_ADC1_t_mis1_o; //to be refreshed
     ^~~~~~~~~~~~~~~~~
../src/adc_config_ADC2.c:42:5: warning: variable 'NO2_ADC1_g_mis4_o' set but not used [-Wunused-but-set-variable]
 u16 NO2_ADC1_g_mis4_o; //to be refreshed
     ^~~~~~~~~~~~~~~~~
../src/adc_config_ADC2.c:41:5: warning: variable 'NO2_ADC1_g_mis3_o' set but not used [-Wunused-but-set-variable]
 u16 NO2_ADC1_g_mis3_o; //to be refreshed
     ^~~~~~~~~~~~~~~~~
../src/adc_config_ADC2.c:40:5: warning: variable 'NO2_ADC1_g_mis2_o' set but not used [-Wunused-but-set-variable]
 u16 NO2_ADC1_g_mis2_o; //to be refreshed
     ^~~~~~~~~~~~~~~~~
../src/adc_config_ADC2.c:39:5: warning: variable 'NO2_ADC1_o_mis4_o' set but not used [-Wunused-but-set-variable]
 u16 NO2_ADC1_o_mis4_o; //to be refreshed
     ^~~~~~~~~~~~~~~~~
../src/adc_config_ADC2.c:38:5: warning: variable 'NO2_ADC1_o_mis3_o' set but not used [-Wunused-but-set-variable]
 u16 NO2_ADC1_o_mis3_o; //to be refreshed
     ^~~~~~~~~~~~~~~~~
../src/adc_config_ADC2.c:37:5: warning: variable 'NO2_ADC1_o_mis2_o' set but not used [-Wunused-but-set-variable]
 u16 NO2_ADC1_o_mis2_o; //to be refreshed
     ^~~~~~~~~~~~~~~~~
../src/adc_config_ADC2.c:36:5: warning: variable 'NO2_ADC1_o_mis1_o' set but not used [-Wunused-but-set-variable]
 u16 NO2_ADC1_o_mis1_o; //to be refreshed
     ^~~~~~~~~~~~~~~~~
../src/adc_config_ADC2.c:33:5: warning: variable 'NO2_EFUSE_data' set but not used [-Wunused-but-set-variable]
 u16 NO2_EFUSE_data;
     ^~~~~~~~~~~~~~
Finished building: ../src/adc_config_ADC2.c
 
Building file: ../src/adc_config_ADC3.c
Invoking: MicroBlaze gcc compiler
mb-gcc -Wall -O2 -g3 -c -fmessage-length=0 -MT"src/adc_config_ADC3.o" -I../../test_bsp/microblaze_0/include -mlittle-endian -mcpu=v11.0 -mxl-soft-mul -Wl,--no-relax -ffunction-sections -fdata-sections -MMD -MP -MF"src/adc_config_ADC3.d" -MT"src/adc_config_ADC3.o" -o "src/adc_config_ADC3.o" "../src/adc_config_ADC3.c"
../src/adc_config_ADC3.c: In function 'AAD12D2000_CONFIG_NO3':
../src/adc_config_ADC3.c:284:6: warning: variable 'NO1_chipID' set but not used [-Wunused-but-set-variable]
  u16 NO1_chipID = 0;
      ^~~~~~~~~~
../src/adc_config_ADC3.c:58:5: warning: variable 'NO1_ADC2_t_mis4_o' set but not used [-Wunused-but-set-variable]
 u16 NO1_ADC2_t_mis4_o; //to be refreshed
     ^~~~~~~~~~~~~~~~~
../src/adc_config_ADC3.c:57:5: warning: variable 'NO1_ADC2_t_mis3_o' set but not used [-Wunused-but-set-variable]
 u16 NO1_ADC2_t_mis3_o; //to be refreshed
     ^~~~~~~~~~~~~~~~~
../src/adc_config_ADC3.c:56:5: warning: variable 'NO1_ADC2_t_mis2_o' set but not used [-Wunused-but-set-variable]
 u16 NO1_ADC2_t_mis2_o; //to be refreshed
     ^~~~~~~~~~~~~~~~~
../src/adc_config_ADC3.c:55:5: warning: variable 'NO1_ADC2_t_mis1_o' set but not used [-Wunused-but-set-variable]
 u16 NO1_ADC2_t_mis1_o; //to be refreshed
     ^~~~~~~~~~~~~~~~~
../src/adc_config_ADC3.c:54:5: warning: variable 'NO1_ADC2_g_mis4_o' set but not used [-Wunused-but-set-variable]
 u16 NO1_ADC2_g_mis4_o; //to be refreshed
     ^~~~~~~~~~~~~~~~~
../src/adc_config_ADC3.c:53:5: warning: variable 'NO1_ADC2_g_mis3_o' set but not used [-Wunused-but-set-variable]
 u16 NO1_ADC2_g_mis3_o; //to be refreshed
     ^~~~~~~~~~~~~~~~~
../src/adc_config_ADC3.c:52:5: warning: variable 'NO1_ADC2_g_mis2_o' set but not used [-Wunused-but-set-variable]
 u16 NO1_ADC2_g_mis2_o; //to be refreshed
     ^~~~~~~~~~~~~~~~~
../src/adc_config_ADC3.c:51:5: warning: variable 'NO1_ADC2_o_mis4_o' set but not used [-Wunused-but-set-variable]
 u16 NO1_ADC2_o_mis4_o; //to be refreshed
     ^~~~~~~~~~~~~~~~~
../src/adc_config_ADC3.c:50:5: warning: variable 'NO1_ADC2_o_mis3_o' set but not used [-Wunused-but-set-variable]
 u16 NO1_ADC2_o_mis3_o; //to be refreshed
     ^~~~~~~~~~~~~~~~~
../src/adc_config_ADC3.c:49:5: warning: variable 'NO1_ADC2_o_mis2_o' set but not used [-Wunused-but-set-variable]
 u16 NO1_ADC2_o_mis2_o; //to be refreshed
     ^~~~~~~~~~~~~~~~~
../src/adc_config_ADC3.c:48:5: warning: variable 'NO1_ADC2_o_mis1_o' set but not used [-Wunused-but-set-variable]
 u16 NO1_ADC2_o_mis1_o; //to be refreshed
     ^~~~~~~~~~~~~~~~~
../src/adc_config_ADC3.c:46:5: warning: variable 'NO1_ADC1_t_mis4_o' set but not used [-Wunused-but-set-variable]
 u16 NO1_ADC1_t_mis4_o; //to be refreshed
     ^~~~~~~~~~~~~~~~~
../src/adc_config_ADC3.c:45:5: warning: variable 'NO1_ADC1_t_mis3_o' set but not used [-Wunused-but-set-variable]
 u16 NO1_ADC1_t_mis3_o; //to be refreshed
     ^~~~~~~~~~~~~~~~~
../src/adc_config_ADC3.c:44:5: warning: variable 'NO1_ADC1_t_mis2_o' set but not used [-Wunused-but-set-variable]
 u16 NO1_ADC1_t_mis2_o; //to be refreshed
     ^~~~~~~~~~~~~~~~~
../src/adc_config_ADC3.c:43:5: warning: variable 'NO1_ADC1_t_mis1_o' set but not used [-Wunused-but-set-variable]
 u16 NO1_ADC1_t_mis1_o; //to be refreshed
     ^~~~~~~~~~~~~~~~~
../src/adc_config_ADC3.c:42:5: warning: variable 'NO1_ADC1_g_mis4_o' set but not used [-Wunused-but-set-variable]
 u16 NO1_ADC1_g_mis4_o; //to be refreshed
     ^~~~~~~~~~~~~~~~~
../src/adc_config_ADC3.c:41:5: warning: variable 'NO1_ADC1_g_mis3_o' set but not used [-Wunused-but-set-variable]
 u16 NO1_ADC1_g_mis3_o; //to be refreshed
     ^~~~~~~~~~~~~~~~~
../src/adc_config_ADC3.c:40:5: warning: variable 'NO1_ADC1_g_mis2_o' set but not used [-Wunused-but-set-variable]
 u16 NO1_ADC1_g_mis2_o; //to be refreshed
     ^~~~~~~~~~~~~~~~~
../src/adc_config_ADC3.c:39:5: warning: variable 'NO1_ADC1_o_mis4_o' set but not used [-Wunused-but-set-variable]
 u16 NO1_ADC1_o_mis4_o; //to be refreshed
     ^~~~~~~~~~~~~~~~~
../src/adc_config_ADC3.c:38:5: warning: variable 'NO1_ADC1_o_mis3_o' set but not used [-Wunused-but-set-variable]
 u16 NO1_ADC1_o_mis3_o; //to be refreshed
     ^~~~~~~~~~~~~~~~~
../src/adc_config_ADC3.c:37:5: warning: variable 'NO1_ADC1_o_mis2_o' set but not used [-Wunused-but-set-variable]
 u16 NO1_ADC1_o_mis2_o; //to be refreshed
     ^~~~~~~~~~~~~~~~~
../src/adc_config_ADC3.c:36:5: warning: variable 'NO1_ADC1_o_mis1_o' set but not used [-Wunused-but-set-variable]
 u16 NO1_ADC1_o_mis1_o; //to be refreshed
     ^~~~~~~~~~~~~~~~~
../src/adc_config_ADC3.c:33:5: warning: variable 'NO1_EFUSE_data' set but not used [-Wunused-but-set-variable]
 u16 NO1_EFUSE_data;
     ^~~~~~~~~~~~~~
Finished building: ../src/adc_config_ADC3.c
 
Building file: ../src/adc_config_ADC4.c
Invoking: MicroBlaze gcc compiler
mb-gcc -Wall -O2 -g3 -c -fmessage-length=0 -MT"src/adc_config_ADC4.o" -I../../test_bsp/microblaze_0/include -mlittle-endian -mcpu=v11.0 -mxl-soft-mul -Wl,--no-relax -ffunction-sections -fdata-sections -MMD -MP -MF"src/adc_config_ADC4.d" -MT"src/adc_config_ADC4.o" -o "src/adc_config_ADC4.o" "../src/adc_config_ADC4.c"
../src/adc_config_ADC4.c: In function 'AAD12D2000_CONFIG_NO4':
../src/adc_config_ADC4.c:376:6: warning: variable 'NO2_chipID' set but not used [-Wunused-but-set-variable]
  u16 NO2_chipID = 0;
      ^~~~~~~~~~
../src/adc_config_ADC4.c:60:5: warning: variable 'NO2_ADC2_t_mis4_o' set but not used [-Wunused-but-set-variable]
 u16 NO2_ADC2_t_mis4_o; //to be refreshed
     ^~~~~~~~~~~~~~~~~
../src/adc_config_ADC4.c:59:5: warning: variable 'NO2_ADC2_t_mis3_o' set but not used [-Wunused-but-set-variable]
 u16 NO2_ADC2_t_mis3_o; //to be refreshed
     ^~~~~~~~~~~~~~~~~
../src/adc_config_ADC4.c:58:5: warning: variable 'NO2_ADC2_t_mis2_o' set but not used [-Wunused-but-set-variable]
 u16 NO2_ADC2_t_mis2_o; //to be refreshed
     ^~~~~~~~~~~~~~~~~
../src/adc_config_ADC4.c:57:5: warning: variable 'NO2_ADC2_t_mis1_o' set but not used [-Wunused-but-set-variable]
 u16 NO2_ADC2_t_mis1_o; //to be refreshed
     ^~~~~~~~~~~~~~~~~
../src/adc_config_ADC4.c:56:5: warning: variable 'NO2_ADC2_g_mis4_o' set but not used [-Wunused-but-set-variable]
 u16 NO2_ADC2_g_mis4_o; //to be refreshed
     ^~~~~~~~~~~~~~~~~
../src/adc_config_ADC4.c:55:5: warning: variable 'NO2_ADC2_g_mis3_o' set but not used [-Wunused-but-set-variable]
 u16 NO2_ADC2_g_mis3_o; //to be refreshed
     ^~~~~~~~~~~~~~~~~
../src/adc_config_ADC4.c:54:5: warning: variable 'NO2_ADC2_g_mis2_o' set but not used [-Wunused-but-set-variable]
 u16 NO2_ADC2_g_mis2_o; //to be refreshed
     ^~~~~~~~~~~~~~~~~
../src/adc_config_ADC4.c:53:5: warning: variable 'NO2_ADC2_o_mis4_o' set but not used [-Wunused-but-set-variable]
 u16 NO2_ADC2_o_mis4_o; //to be refreshed
     ^~~~~~~~~~~~~~~~~
../src/adc_config_ADC4.c:52:5: warning: variable 'NO2_ADC2_o_mis3_o' set but not used [-Wunused-but-set-variable]
 u16 NO2_ADC2_o_mis3_o; //to be refreshed
     ^~~~~~~~~~~~~~~~~
../src/adc_config_ADC4.c:51:5: warning: variable 'NO2_ADC2_o_mis2_o' set but not used [-Wunused-but-set-variable]
 u16 NO2_ADC2_o_mis2_o; //to be refreshed
     ^~~~~~~~~~~~~~~~~
../src/adc_config_ADC4.c:50:5: warning: variable 'NO2_ADC2_o_mis1_o' set but not used [-Wunused-but-set-variable]
 u16 NO2_ADC2_o_mis1_o; //to be refreshed
     ^~~~~~~~~~~~~~~~~
../src/adc_config_ADC4.c:48:5: warning: variable 'NO2_ADC1_t_mis4_o' set but not used [-Wunused-but-set-variable]
 u16 NO2_ADC1_t_mis4_o; //to be refreshed
     ^~~~~~~~~~~~~~~~~
../src/adc_config_ADC4.c:47:5: warning: variable 'NO2_ADC1_t_mis3_o' set but not used [-Wunused-but-set-variable]
 u16 NO2_ADC1_t_mis3_o; //to be refreshed
     ^~~~~~~~~~~~~~~~~
../src/adc_config_ADC4.c:46:5: warning: variable 'NO2_ADC1_t_mis2_o' set but not used [-Wunused-but-set-variable]
 u16 NO2_ADC1_t_mis2_o; //to be refreshed
     ^~~~~~~~~~~~~~~~~
../src/adc_config_ADC4.c:45:5: warning: variable 'NO2_ADC1_t_mis1_o' set but not used [-Wunused-but-set-variable]
 u16 NO2_ADC1_t_mis1_o; //to be refreshed
     ^~~~~~~~~~~~~~~~~
../src/adc_config_ADC4.c:44:5: warning: variable 'NO2_ADC1_g_mis4_o' set but not used [-Wunused-but-set-variable]
 u16 NO2_ADC1_g_mis4_o; //to be refreshed
     ^~~~~~~~~~~~~~~~~
../src/adc_config_ADC4.c:43:5: warning: variable 'NO2_ADC1_g_mis3_o' set but not used [-Wunused-but-set-variable]
 u16 NO2_ADC1_g_mis3_o; //to be refreshed
     ^~~~~~~~~~~~~~~~~
../src/adc_config_ADC4.c:42:5: warning: variable 'NO2_ADC1_g_mis2_o' set but not used [-Wunused-but-set-variable]
 u16 NO2_ADC1_g_mis2_o; //to be refreshed
     ^~~~~~~~~~~~~~~~~
../src/adc_config_ADC4.c:41:5: warning: variable 'NO2_ADC1_o_mis4_o' set but not used [-Wunused-but-set-variable]
 u16 NO2_ADC1_o_mis4_o; //to be refreshed
     ^~~~~~~~~~~~~~~~~
../src/adc_config_ADC4.c:40:5: warning: variable 'NO2_ADC1_o_mis3_o' set but not used [-Wunused-but-set-variable]
 u16 NO2_ADC1_o_mis3_o; //to be refreshed
     ^~~~~~~~~~~~~~~~~
../src/adc_config_ADC4.c:39:5: warning: variable 'NO2_ADC1_o_mis2_o' set but not used [-Wunused-but-set-variable]
 u16 NO2_ADC1_o_mis2_o; //to be refreshed
     ^~~~~~~~~~~~~~~~~
../src/adc_config_ADC4.c:38:5: warning: variable 'NO2_ADC1_o_mis1_o' set but not used [-Wunused-but-set-variable]
 u16 NO2_ADC1_o_mis1_o; //to be refreshed
     ^~~~~~~~~~~~~~~~~
../src/adc_config_ADC4.c:35:5: warning: variable 'NO2_EFUSE_data' set but not used [-Wunused-but-set-variable]
 u16 NO2_EFUSE_data;
     ^~~~~~~~~~~~~~
Finished building: ../src/adc_config_ADC4.c
 
Building file: ../src/common_cfg.c
Invoking: MicroBlaze gcc compiler
mb-gcc -Wall -O2 -g3 -c -fmessage-length=0 -MT"src/common_cfg.o" -I../../test_bsp/microblaze_0/include -mlittle-endian -mcpu=v11.0 -mxl-soft-mul -Wl,--no-relax -ffunction-sections -fdata-sections -MMD -MP -MF"src/common_cfg.d" -MT"src/common_cfg.o" -o "src/common_cfg.o" "../src/common_cfg.c"
Finished building: ../src/common_cfg.c
 
Building file: ../src/control_efuse.c
Invoking: MicroBlaze gcc compiler
mb-gcc -Wall -O2 -g3 -c -fmessage-length=0 -MT"src/control_efuse.o" -I../../test_bsp/microblaze_0/include -mlittle-endian -mcpu=v11.0 -mxl-soft-mul -Wl,--no-relax -ffunction-sections -fdata-sections -MMD -MP -MF"src/control_efuse.d" -MT"src/control_efuse.o" -o "src/control_efuse.o" "../src/control_efuse.c"
Finished building: ../src/control_efuse.c
 
Building file: ../src/ctrl_204b.c
Invoking: MicroBlaze gcc compiler
mb-gcc -Wall -O2 -g3 -c -fmessage-length=0 -MT"src/ctrl_204b.o" -I../../test_bsp/microblaze_0/include -mlittle-endian -mcpu=v11.0 -mxl-soft-mul -Wl,--no-relax -ffunction-sections -fdata-sections -MMD -MP -MF"src/ctrl_204b.d" -MT"src/ctrl_204b.o" -o "src/ctrl_204b.o" "../src/ctrl_204b.c"
Finished building: ../src/ctrl_204b.c
 
Building file: ../src/lmk04828_cfg.c
Invoking: MicroBlaze gcc compiler
mb-gcc -Wall -O2 -g3 -c -fmessage-length=0 -MT"src/lmk04828_cfg.o" -I../../test_bsp/microblaze_0/include -mlittle-endian -mcpu=v11.0 -mxl-soft-mul -Wl,--no-relax -ffunction-sections -fdata-sections -MMD -MP -MF"src/lmk04828_cfg.d" -MT"src/lmk04828_cfg.o" -o "src/lmk04828_cfg.o" "../src/lmk04828_cfg.c"
../src/lmk04828_cfg.c: In function 'lmk04828_cfg':
../src/lmk04828_cfg.c:42:6: warning: variable 'temp' set but not used [-Wunused-but-set-variable]
  u32 temp[128];
      ^~~~
Finished building: ../src/lmk04828_cfg.c
 
Building file: ../src/lmk04828_reg.c
Invoking: MicroBlaze gcc compiler
mb-gcc -Wall -O2 -g3 -c -fmessage-length=0 -MT"src/lmk04828_reg.o" -I../../test_bsp/microblaze_0/include -mlittle-endian -mcpu=v11.0 -mxl-soft-mul -Wl,--no-relax -ffunction-sections -fdata-sections -MMD -MP -MF"src/lmk04828_reg.d" -MT"src/lmk04828_reg.o" -o "src/lmk04828_reg.o" "../src/lmk04828_reg.c"
Finished building: ../src/lmk04828_reg.c
 
Building file: ../src/lmx2592.c
Invoking: MicroBlaze gcc compiler
mb-gcc -Wall -O2 -g3 -c -fmessage-length=0 -MT"src/lmx2592.o" -I../../test_bsp/microblaze_0/include -mlittle-endian -mcpu=v11.0 -mxl-soft-mul -Wl,--no-relax -ffunction-sections -fdata-sections -MMD -MP -MF"src/lmx2592.d" -MT"src/lmx2592.o" -o "src/lmx2592.o" "../src/lmx2592.c"
Finished building: ../src/lmx2592.c
 
Building file: ../src/main.c
Invoking: MicroBlaze gcc compiler
mb-gcc -Wall -O2 -g3 -c -fmessage-length=0 -MT"src/main.o" -I../../test_bsp/microblaze_0/include -mlittle-endian -mcpu=v11.0 -mxl-soft-mul -Wl,--no-relax -ffunction-sections -fdata-sections -MMD -MP -MF"src/main.d" -MT"src/main.o" -o "src/main.o" "../src/main.c"
../src/main.c: In function 'main':
../src/main.c:22:6: warning: unused variable 'adc_sync' [-Wunused-variable]
  int adc_sync , dac_status  ;
      ^~~~~~~~
Finished building: ../src/main.c
 
Building file: ../src/offset_cal.c
Invoking: MicroBlaze gcc compiler
mb-gcc -Wall -O2 -g3 -c -fmessage-length=0 -MT"src/offset_cal.o" -I../../test_bsp/microblaze_0/include -mlittle-endian -mcpu=v11.0 -mxl-soft-mul -Wl,--no-relax -ffunction-sections -fdata-sections -MMD -MP -MF"src/offset_cal.d" -MT"src/offset_cal.o" -o "src/offset_cal.o" "../src/offset_cal.c"
Finished building: ../src/offset_cal.c
 
Building file: ../src/spi.c
Invoking: MicroBlaze gcc compiler
mb-gcc -Wall -O2 -g3 -c -fmessage-length=0 -MT"src/spi.o" -I../../test_bsp/microblaze_0/include -mlittle-endian -mcpu=v11.0 -mxl-soft-mul -Wl,--no-relax -ffunction-sections -fdata-sections -MMD -MP -MF"src/spi.d" -MT"src/spi.o" -o "src/spi.o" "../src/spi.c"
Finished building: ../src/spi.c
 
Building file: ../src/spi_cfg.c
Invoking: MicroBlaze gcc compiler
mb-gcc -Wall -O2 -g3 -c -fmessage-length=0 -MT"src/spi_cfg.o" -I../../test_bsp/microblaze_0/include -mlittle-endian -mcpu=v11.0 -mxl-soft-mul -Wl,--no-relax -ffunction-sections -fdata-sections -MMD -MP -MF"src/spi_cfg.d" -MT"src/spi_cfg.o" -o "src/spi_cfg.o" "../src/spi_cfg.c"
Finished building: ../src/spi_cfg.c
 
Building file: ../src/write_memory.c
Invoking: MicroBlaze gcc compiler
mb-gcc -Wall -O2 -g3 -c -fmessage-length=0 -MT"src/write_memory.o" -I../../test_bsp/microblaze_0/include -mlittle-endian -mcpu=v11.0 -mxl-soft-mul -Wl,--no-relax -ffunction-sections -fdata-sections -MMD -MP -MF"src/write_memory.d" -MT"src/write_memory.o" -o "src/write_memory.o" "../src/write_memory.c"
Finished building: ../src/write_memory.c
 
Building target: test.elf
Invoking: MicroBlaze gcc linker
mb-gcc -Wl,-T -Wl,../src/lscript.ld -L../../test_bsp/microblaze_0/lib -mlittle-endian -mcpu=v11.0 -mxl-soft-mul -Wl,--no-relax -Wl,--gc-sections -o "test.elf" ./src/aad12d2000_1_cfg.o ./src/ada16d6000_1_cfg.o ./src/ada16d6000_1_reg.o ./src/adc_config_ADC1.o ./src/adc_config_ADC2.o ./src/adc_config_ADC3.o ./src/adc_config_ADC4.o ./src/common_cfg.o ./src/control_efuse.o ./src/ctrl_204b.o ./src/lmk04828_cfg.o ./src/lmk04828_reg.o ./src/lmx2592.o ./src/main.o ./src/offset_cal.o ./src/spi.o ./src/spi_cfg.o ./src/write_memory.o   -Wl,--start-group,-lxil,-lgcc,-lc,--end-group
Finished building target: test.elf
 
Invoking: MicroBlaze Print Size
mb-size test.elf  |tee "test.elf.size"
   text	   data	    bss	    dec	    hex	filename
  61348	   1660	   4224	  67232	  106a0	test.elf
Finished building: test.elf.size
 
17:48:35 **** Incremental Build of configuration Debug for project test ****
make all 
make: 对“all”无需做任何事。
17:48:40 **** Incremental Build of configuration Debug for project test ****
make all 
make: 对“all”无需做任何事。
17:49:31 **** Incremental Build of configuration Debug for project test ****
make all 
make: 对“all”无需做任何事。
17:49:33 **** Incremental Build of configuration Debug for project test ****
make all 
make: 对“all”无需做任何事。
17:52:30 **** Incremental Build of configuration Debug for project test ****
make all 
make: 对“all”无需做任何事。
17:52:34 **** Incremental Build of configuration Debug for project test ****
make all 
make: 对“all”无需做任何事。
